warning: [options] system modules path not set in conjunction with -source 11
